<html>
<body>
<pre>
<h1>µVision Build Log</h1>
<h2>Tool Versions:</h2>
IDE-Version: µVision V5.13.0.0
Copyright (C) 2014 ARM Ltd and ARM Germany GmbH. All rights reserved.
License Information: Andrzej Skoczen AGH-UST Flex license: MDK-ARM Professional: 100 user(s) (mdk_pro) Operation stops: 15 Aug 2018
 
Tool Versions:
Toolchain:       MDK-ARM Professional: 100 user(s)  Version: 5.13.0.0
Toolchain Path:  C:\Keil_v5\ARM\ARMCC\Bin
C Compiler:      Armcc.exe V5.05 update 1 (build 106)
Assembler:       Armasm.exe V5.05 update 1 (build 106)
Linker/Locator:  ArmLink.exe V5.05 update 1 (build 106)
Library Manager: ArmAr.exe V5.05 update 1 (build 106)
Hex Converter:   FromElf.exe V5.05 update 1 (build 106)
CPU DLL:         SARMCM3.DLL V5.13.0.0
Dialog DLL:      DCM.DLL V1.13.1.0
Target DLL:      UL2CM3.DLL V1.154.12.0
Dialog DLL:      TCM.DLL V1.14.4.0
 
<h2>Project:</h2>
C:\Users\lab_cpu\Desktop\organki23423\organki\lab01.uvprojx
Project File Date:  01/03/2018

<h2>Output:</h2>
Rebuild target 'Target 1'
compiling main.c...
main.c(56): warning:  #223-D: function "freq" declared implicitly
                LPC_TIM0->MR0 = freq(262);
main.c(60): warning:  #223-D: function "freq" declared implicitly
                LPC_TIM0->MR0 = freq(277);
main.c(64): warning:  #223-D: function "freq" declared implicitly
                LPC_TIM0->MR0 = freq(294);
main.c(68): warning:  #223-D: function "freq" declared implicitly
                LPC_TIM0->MR0 = freq(311);
main.c(72): warning:  #223-D: function "freq" declared implicitly
                LPC_TIM0->MR0 = freq(330);
main.c(76): warning:  #223-D: function "freq" declared implicitly
                LPC_TIM0->MR0 = freq(349);
main.c(80): warning:  #223-D: function "freq" declared implicitly
                LPC_TIM0->MR0 = freq(370);
main.c(84): warning:  #223-D: function "freq" declared implicitly
                LPC_TIM0->MR0 = freq(392);
main.c(88): warning:  #223-D: function "freq" declared implicitly
                LPC_TIM0->MR0 = freq(415);
main.c(92): warning:  #223-D: function "freq" declared implicitly
                LPC_TIM0->MR0 = freq(440);
main.c(96): warning:  #223-D: function "freq" declared implicitly
                LPC_TIM0->MR0 = freq(466);
main.c(100): warning:  #223-D: function "freq" declared implicitly
                LPC_TIM0->MR0 = freq(494);
main.c(104): warning:  #223-D: function "freq" declared implicitly
                LPC_TIM0->MR0 = freq(523);
main.c: 13 warnings, 0 errors
compiling Open1768_LCD.c...
compiling LCD_ILI9325.c...
compiling asciiLib.c...
compiling TP_Open1768.c...
compiling Joystick_Open1768.c...
compiling LED_Open1768.c...
compiling GPIO_LPC17xx.c...
compiling PIN_LPC17xx.c...
assembling startup_LPC17xx.s...
compiling system_LPC17xx.c...
linking...
Program Size: Code=4204 RO-data=236 RW-data=816 ZI-data=31944  
".\Objects\lab01.axf" - 0 Error(s), 13 Warning(s).

<h2>Software Packages used:</h2>

Package Vendor: ARM
                http://www.keil.com/pack/ARM.CMSIS.4.2.0.pack
                ARM::CMSIS:CORE:3.40.0
                CMSIS (Cortex Microcontroller Software Interface Standard)
   * Component: CORE Version: 3.40.0

Package Vendor: Keil
                http://www.keil.com/pack/Keil.LPC1700_DFP.2.0.0.pack
                Keil::Device:Startup:1.0.0
                NXP LPC1700 Series Device Support, Drivers and Examples for MCB1700
   * Component: Startup Version: 1.0.0
   * Component: PIN Version: 1.00
   * Component: GPIO Version: 1.00

Package Vendor: Keil
                http://www.keil.com/pack/Keil.LPC1700_Open1768_DFP.2.0.0.pack
                Keil.Open1768::Board Support:LED:1.0.0
                NXP LPC1700 Series Device Support, Drivers and Examples for Open1768
   * Component: LED Version: 1.0.0
   * Component: Joystick Version: 1.0.0

Package Vendor: Keil
                http://www.keil.com/pack/Keil.MDK-Middleware.6.2.0.pack
                ::Board Support:LED:1.00 (API)
                Keil MDK-ARM Professional Middleware for ARM Cortex-M based devices
   * Component: LED Version: 1.00
   * Component: Joystick Version: 1.00

<h2>Collection of Component include folders:</h2>
  C:\Users\lab_cpu\Desktop\organki23423\organki\RTE
  C:\Users\lab_cpu\Desktop\organki23423\organki\RTE\Device\LPC1768
  C:\Keil_v5\ARM\PACK\ARM\CMSIS\4.2.0\CMSIS\Include
  C:\Keil_v5\ARM\PACK\Keil\LPC1700_DFP\2.0.0\Device\Include
  C:\Keil_v5\ARM\PACK\Keil\LPC1700_DFP\2.0.0\RTE_Driver
  C:\Keil_v5\ARM\PACK\Keil\MDK-Middleware\6.2.0\Board

<h2>Collection of Component Files used:</h2>

   * Component: ARM::CMSIS:CORE:3.40.0
      Source file:   CMSIS\UserCodeTemplates\ARM\ITM_Retarget.c

   * Component: Keil::Device:Startup:1.0.0
      Include file:  Device\Include\LPC17xx.h
      Source file:   Device\Source\ARM\startup_LPC17xx.s
      Source file:   Device\Source\system_LPC17xx.c
      Include file:  RTE_Driver\Config\RTE_Device.h

   * Component: Keil::Device:PIN:1.00
      Include file:  RTE_Driver\PIN_LPC17xx.h
      Source file:   RTE_Driver\PIN_LPC17xx.c

   * Component: Keil::Device:GPIO:1.00
      Include file:  RTE_Driver\GPIO_LPC17xx.h
      Source file:   RTE_Driver\GPIO_LPC17xx.c

   * Component: Keil.Open1768::Board Support:LED:1.0.0
      Source file:   Boards\Keil\Open1768\Common\LED_Open1768.c

   * Component: Keil.Open1768::Board Support:Joystick:1.0.0
      Source file:   Boards\Keil\Open1768\Common\Joystick_Open1768.c

   * Component: ::Board Support:LED:1.00 (API)
      Include file:  Board\Board_LED.h

   * Component: ::Board Support:Joystick:1.00 (API)
      Include file:  Board\Board_Joystick.h
</pre>
</body>
</html>
